
> cloud-frontend@0.4.1 build
> vite build

[36mvite v5.4.21 [32mbuilding for production...[36m[39m
transforming...
node_modules/@vueuse/core/dist/index.js (3362:0): A comment

"/* #__PURE__ */"

in "node_modules/@vueuse/core/dist/index.js" contains an annotation that Rollup cannot interpret due to the position of the comment. The comment will be removed to avoid issues.
node_modules/@vueuse/core/dist/index.js (5780:22): A comment

"/* #__PURE__ */"

in "node_modules/@vueuse/core/dist/index.js" contains an annotation that Rollup cannot interpret due to the position of the comment. The comment will be removed to avoid issues.
[32m✓[39m 2253 modules transformed.
rendering chunks...
computing gzip size...
[2mdist/[22m[32mindex.html                           [39m[1m[2m    0.82 kB[22m[1m[22m[2m │ gzip:   0.60 kB[22m
[2mdist/[22m[35massets/EventTrendChart-ZVh7XNia.css  [39m[1m[2m    0.59 kB[22m[1m[22m[2m │ gzip:   0.32 kB[22m
[2mdist/[22m[35massets/BedsView-L32iMiIH.css         [39m[1m[2m    1.36 kB[22m[1m[22m[2m │ gzip:   0.52 kB[22m
[2mdist/[22m[35massets/AlertsView-B6moroeY.css       [39m[1m[2m    2.14 kB[22m[1m[22m[2m │ gzip:   0.73 kB[22m
[2mdist/[22m[35massets/SystemView-Dp5F2pt7.css       [39m[1m[2m    2.79 kB[22m[1m[22m[2m │ gzip:   0.78 kB[22m
[2mdist/[22m[35massets/ShiftsView-BmQl-QaM.css       [39m[1m[2m    3.53 kB[22m[1m[22m[2m │ gzip:   1.02 kB[22m
[2mdist/[22m[35massets/OverviewView-CbqLnli3.css     [39m[1m[2m    5.54 kB[22m[1m[22m[2m │ gzip:   1.37 kB[22m
[2mdist/[22m[35massets/EventPanel-Ex5Aj1yN.css       [39m[1m[2m    6.79 kB[22m[1m[22m[2m │ gzip:   1.64 kB[22m
[2mdist/[22m[35massets/EnvControlPanel-BhFW9xI4.css  [39m[1m[2m    9.73 kB[22m[1m[22m[2m │ gzip:   2.29 kB[22m
[2mdist/[22m[35massets/index-B-SzMO7Z.css            [39m[1m[2m  411.60 kB[22m[1m[22m[2m │ gzip:  58.19 kB[22m
[2mdist/[22m[36massets/BedsView-GU6nBfHQ.js          [39m[1m[2m    2.79 kB[22m[1m[22m[2m │ gzip:   1.38 kB[22m
[2mdist/[22m[36massets/AlertsView-DYRLDpcz.js        [39m[1m[2m    2.99 kB[22m[1m[22m[2m │ gzip:   1.24 kB[22m
[2mdist/[22m[36massets/EventTrendChart-zPmrQFzk.js   [39m[1m[2m    4.71 kB[22m[1m[22m[2m │ gzip:   2.52 kB[22m
[2mdist/[22m[36massets/SystemView-CnIArs2Q.js        [39m[1m[2m    4.87 kB[22m[1m[22m[2m │ gzip:   2.02 kB[22m
[2mdist/[22m[36massets/ShiftsView-CpQk4-sf.js        [39m[1m[2m    4.98 kB[22m[1m[22m[2m │ gzip:   2.23 kB[22m
[2mdist/[22m[36massets/OverviewView-tlPcZur8.js      [39m[1m[2m    7.27 kB[22m[1m[22m[2m │ gzip:   3.17 kB[22m
[2mdist/[22m[36massets/EventPanel-CSoKrg5S.js        [39m[1m[2m    7.69 kB[22m[1m[22m[2m │ gzip:   3.50 kB[22m
[2mdist/[22m[36massets/EnvControlPanel-B0FilJ1T.js   [39m[1m[2m   12.82 kB[22m[1m[22m[2m │ gzip:   5.54 kB[22m
[2mdist/[22m[36massets/index-Bn9PLWWT.js             [39m[1m[33m1,034.92 kB[39m[22m[2m │ gzip: 343.42 kB[22m
[2mdist/[22m[36massets/index-C7nep98z.js             [39m[1m[33m1,301.06 kB[39m[22m[2m │ gzip: 423.62 kB[22m
[33m
(!) Some chunks are larger than 500 kB after minification. Consider:
- Using dynamic import() to code-split the application
- Use build.rollupOptions.output.manualChunks to improve chunking: https://rollupjs.org/configuration-options/#output-manualchunks
- Adjust chunk size limit for this warning via build.chunkSizeWarningLimit.[39m
[32m✓ built in 9.55s[39m
npm notice
npm notice New major version of npm available! 11.17.0 -> 12.0.2
npm notice Changelog: https://github.com/npm/cli/releases/tag/v12.0.2
npm notice To update run: npm install -g npm@12.0.2
npm notice
